// Jest Snapshot v1, https://goo.gl/fbAQLP

exports[`test Saga users Ui testing snapshot testing 1`] = `
Object {
  "call": Array [
    Object {
      "@@redux-saga/IO": true,
      "combinator": false,
      "payload": Object {
        "args": Array [
          Object {
            "id": 1,
          },
        ],
        "context": null,
        "fn": "@@redux-saga-test-plan/json/function/getProfiles",
      },
      "type": "CALL",
    },
    Object {
      "@@redux-saga/IO": true,
      "combinator": false,
      "payload": Object {
        "args": Array [
          Object {},
        ],
        "context": null,
        "fn": "@@redux-saga-test-plan/json/function/errorHandler",
      },
      "type": "CALL",
    },
  ],
  "put": Array [
    Object {
      "@@redux-saga/IO": true,
      "combinator": false,
      "payload": Object {
        "action": Object {
          "type": "LOAD_PROFILES_FAIL",
        },
        "channel": undefined,
      },
      "type": "PUT",
    },
  ],
}
`;
